// Jest Snapshot v1, https://goo.gl/fbAQLP

exports[`renders correctly 1`] = `
<DocumentFragment>
  <nav
    aria-label="Breadcrumb"
    id="nav-id"
  >
    <ol
      id="list-id"
    >
      <li>
        <a
          href="/root"
          id="root-id"
        >
          Root
        </a>
      </li>
      <li
        id="middle-li"
      >
        <a
          href="/root/middle"
        >
          Middle
        </a>
      </li>
      <li>
        <a
          aria-current="page"
          href="/root/middle/current"
        >
          Current
        </a>
      </li>
    </ol>
  </nav>
</DocumentFragment>
`;
